        Placement Information by Vertex
        ===============================

Generated: Wed Nov  2 13:22:33 2016 for target machine '192.168.240.36'

**** Vertex: 'Excitatory_Cells'
Model: <bound method IzkCondExp.model_name of Excitatory_Cells with 1200 atoms>
Pop size: 1200
Sub-vertices: 
  Slice 0:99 (100 atoms) on core (0, 0, 1) 
  Slice 100:199 (100 atoms) on core (0, 0, 2) 
  Slice 200:299 (100 atoms) on core (0, 0, 3) 
  Slice 300:399 (100 atoms) on core (0, 0, 4) 
  Slice 400:499 (100 atoms) on core (0, 0, 5) 
  Slice 500:599 (100 atoms) on core (0, 0, 6) 
  Slice 600:699 (100 atoms) on core (0, 0, 7) 
  Slice 700:799 (100 atoms) on core (0, 0, 8) 
  Slice 800:899 (100 atoms) on core (0, 0, 9) 
  Slice 900:999 (100 atoms) on core (0, 0, 10) 
  Slice 1000:1099 (100 atoms) on core (0, 0, 11) 
  Slice 1100:1199 (100 atoms) on core (0, 0, 12) 

**** Vertex: 'Excitatory_Cells'
Model: <bound method IzkCondExp.model_name of Excitatory_Cells with 1200 atoms>
Pop size: 1200
Sub-vertices: 
  Slice 0:99 (100 atoms) on core (0, 0, 16) 
  Slice 100:199 (100 atoms) on core (1, 0, 1) 
  Slice 200:299 (100 atoms) on core (1, 0, 2) 
  Slice 300:399 (100 atoms) on core (1, 0, 3) 
  Slice 400:499 (100 atoms) on core (1, 0, 4) 
  Slice 500:599 (100 atoms) on core (1, 0, 5) 
  Slice 600:699 (100 atoms) on core (1, 0, 6) 
  Slice 700:799 (100 atoms) on core (1, 0, 7) 
  Slice 800:899 (100 atoms) on core (1, 0, 8) 
  Slice 900:999 (100 atoms) on core (1, 0, 9) 
  Slice 1000:1099 (100 atoms) on core (1, 0, 10) 
  Slice 1100:1199 (100 atoms) on core (1, 0, 11) 

**** Vertex: 'Inhibitory_Cells'
Model: <bound method IzkCondExp.model_name of Inhibitory_Cells with 300 atoms>
Pop size: 300
Sub-vertices: 
  Slice 0:99 (100 atoms) on core (0, 0, 13) 
  Slice 100:199 (100 atoms) on core (0, 0, 14) 
  Slice 200:299 (100 atoms) on core (0, 0, 15) 

**** Vertex: 'Inhibitory_Cells'
Model: <bound method IzkCondExp.model_name of Inhibitory_Cells with 300 atoms>
Pop size: 300
Sub-vertices: 
  Slice 0:99 (100 atoms) on core (1, 0, 12) 
  Slice 100:199 (100 atoms) on core (1, 0, 13) 
  Slice 200:299 (100 atoms) on core (1, 0, 14) 

**** Vertex: 'expoisson'
Model: SpikeSourcePoisson
Pop size: 20
Sub-vertices: 
  Slice 0:19 (20 atoms) on core (1, 0, 15) 

