Subvert: Excitatory_Cells:0:99 


Subvert: Excitatory_Cells:100:199 


Subvert: Excitatory_Cells:200:299 


Subvert: Excitatory_Cells:300:399 


Subvert: Excitatory_Cells:400:499 


Subvert: Excitatory_Cells:500:599 


Subvert: Excitatory_Cells:600:699 


Subvert: Excitatory_Cells:700:799 


Subvert: Excitatory_Cells:800:899 


Subvert: Excitatory_Cells:900:999 


Subvert: Excitatory_Cells:1000:1099 


Subvert: Excitatory_Cells:1100:1199 


Subvert: Inhibitory_Cells:0:99 


Subvert: Inhibitory_Cells:100:199 


Subvert: Inhibitory_Cells:200:299 


Subvert: Excitatory_Cells:0:99 
subedge:PartitionedEdge:Excitatory_Cells:0:99->Excitatory_Cells:0:99, keys_and_masks:[KeyAndMask:0x180L:0xffffff80] 
subedge:PartitionedEdge:Excitatory_Cells:0:99->Excitatory_Cells:100:199, keys_and_masks:[KeyAndMask:0x180L:0xffffff80] 
subedge:PartitionedEdge:Excitatory_Cells:0:99->Excitatory_Cells:200:299, keys_and_masks:[KeyAndMask:0x180L:0xffffff80] 
subedge:PartitionedEdge:Excitatory_Cells:0:99->Excitatory_Cells:300:399, keys_and_masks:[KeyAndMask:0x180L:0xffffff80] 
subedge:PartitionedEdge:Excitatory_Cells:0:99->Excitatory_Cells:400:499, keys_and_masks:[KeyAndMask:0x180L:0xffffff80] 
subedge:PartitionedEdge:Excitatory_Cells:0:99->Excitatory_Cells:500:599, keys_and_masks:[KeyAndMask:0x180L:0xffffff80] 
subedge:PartitionedEdge:Excitatory_Cells:0:99->Excitatory_Cells:600:699, keys_and_masks:[KeyAndMask:0x180L:0xffffff80] 
subedge:PartitionedEdge:Excitatory_Cells:0:99->Excitatory_Cells:700:799, keys_and_masks:[KeyAndMask:0x180L:0xffffff80] 
subedge:PartitionedEdge:Excitatory_Cells:0:99->Excitatory_Cells:800:899, keys_and_masks:[KeyAndMask:0x180L:0xffffff80] 
subedge:PartitionedEdge:Excitatory_Cells:0:99->Excitatory_Cells:900:999, keys_and_masks:[KeyAndMask:0x180L:0xffffff80] 
subedge:PartitionedEdge:Excitatory_Cells:0:99->Excitatory_Cells:1000:1099, keys_and_masks:[KeyAndMask:0x180L:0xffffff80] 
subedge:PartitionedEdge:Excitatory_Cells:0:99->Excitatory_Cells:1100:1199, keys_and_masks:[KeyAndMask:0x180L:0xffffff80] 
subedge:PartitionedEdge:Excitatory_Cells:0:99->Inhibitory_Cells:0:99, keys_and_masks:[KeyAndMask:0x180L:0xffffff80] 
subedge:PartitionedEdge:Excitatory_Cells:0:99->Inhibitory_Cells:100:199, keys_and_masks:[KeyAndMask:0x180L:0xffffff80] 
subedge:PartitionedEdge:Excitatory_Cells:0:99->Inhibitory_Cells:200:299, keys_and_masks:[KeyAndMask:0x180L:0xffffff80] 


Subvert: Excitatory_Cells:100:199 
subedge:PartitionedEdge:Excitatory_Cells:100:199->Excitatory_Cells:0:99, keys_and_masks:[KeyAndMask:0x200L:0xffffff80] 
subedge:PartitionedEdge:Excitatory_Cells:100:199->Excitatory_Cells:100:199, keys_and_masks:[KeyAndMask:0x200L:0xffffff80] 
subedge:PartitionedEdge:Excitatory_Cells:100:199->Excitatory_Cells:200:299, keys_and_masks:[KeyAndMask:0x200L:0xffffff80] 
subedge:PartitionedEdge:Excitatory_Cells:100:199->Excitatory_Cells:300:399, keys_and_masks:[KeyAndMask:0x200L:0xffffff80] 
subedge:PartitionedEdge:Excitatory_Cells:100:199->Excitatory_Cells:400:499, keys_and_masks:[KeyAndMask:0x200L:0xffffff80] 
subedge:PartitionedEdge:Excitatory_Cells:100:199->Excitatory_Cells:500:599, keys_and_masks:[KeyAndMask:0x200L:0xffffff80] 
subedge:PartitionedEdge:Excitatory_Cells:100:199->Excitatory_Cells:600:699, keys_and_masks:[KeyAndMask:0x200L:0xffffff80] 
subedge:PartitionedEdge:Excitatory_Cells:100:199->Excitatory_Cells:700:799, keys_and_masks:[KeyAndMask:0x200L:0xffffff80] 
subedge:PartitionedEdge:Excitatory_Cells:100:199->Excitatory_Cells:800:899, keys_and_masks:[KeyAndMask:0x200L:0xffffff80] 
subedge:PartitionedEdge:Excitatory_Cells:100:199->Excitatory_Cells:900:999, keys_and_masks:[KeyAndMask:0x200L:0xffffff80] 
subedge:PartitionedEdge:Excitatory_Cells:100:199->Excitatory_Cells:1000:1099, keys_and_masks:[KeyAndMask:0x200L:0xffffff80] 
subedge:PartitionedEdge:Excitatory_Cells:100:199->Excitatory_Cells:1100:1199, keys_and_masks:[KeyAndMask:0x200L:0xffffff80] 
subedge:PartitionedEdge:Excitatory_Cells:100:199->Inhibitory_Cells:0:99, keys_and_masks:[KeyAndMask:0x200L:0xffffff80] 
subedge:PartitionedEdge:Excitatory_Cells:100:199->Inhibitory_Cells:100:199, keys_and_masks:[KeyAndMask:0x200L:0xffffff80] 
subedge:PartitionedEdge:Excitatory_Cells:100:199->Inhibitory_Cells:200:299, keys_and_masks:[KeyAndMask:0x200L:0xffffff80] 


Subvert: Excitatory_Cells:200:299 
subedge:PartitionedEdge:Excitatory_Cells:200:299->Excitatory_Cells:0:99, keys_and_masks:[KeyAndMask:0x280L:0xffffff80] 
subedge:PartitionedEdge:Excitatory_Cells:200:299->Excitatory_Cells:100:199, keys_and_masks:[KeyAndMask:0x280L:0xffffff80] 
subedge:PartitionedEdge:Excitatory_Cells:200:299->Excitatory_Cells:200:299, keys_and_masks:[KeyAndMask:0x280L:0xffffff80] 
subedge:PartitionedEdge:Excitatory_Cells:200:299->Excitatory_Cells:300:399, keys_and_masks:[KeyAndMask:0x280L:0xffffff80] 
subedge:PartitionedEdge:Excitatory_Cells:200:299->Excitatory_Cells:400:499, keys_and_masks:[KeyAndMask:0x280L:0xffffff80] 
subedge:PartitionedEdge:Excitatory_Cells:200:299->Excitatory_Cells:500:599, keys_and_masks:[KeyAndMask:0x280L:0xffffff80] 
subedge:PartitionedEdge:Excitatory_Cells:200:299->Excitatory_Cells:600:699, keys_and_masks:[KeyAndMask:0x280L:0xffffff80] 
subedge:PartitionedEdge:Excitatory_Cells:200:299->Excitatory_Cells:700:799, keys_and_masks:[KeyAndMask:0x280L:0xffffff80] 
subedge:PartitionedEdge:Excitatory_Cells:200:299->Excitatory_Cells:800:899, keys_and_masks:[KeyAndMask:0x280L:0xffffff80] 
subedge:PartitionedEdge:Excitatory_Cells:200:299->Excitatory_Cells:900:999, keys_and_masks:[KeyAndMask:0x280L:0xffffff80] 
subedge:PartitionedEdge:Excitatory_Cells:200:299->Excitatory_Cells:1000:1099, keys_and_masks:[KeyAndMask:0x280L:0xffffff80] 
subedge:PartitionedEdge:Excitatory_Cells:200:299->Excitatory_Cells:1100:1199, keys_and_masks:[KeyAndMask:0x280L:0xffffff80] 
subedge:PartitionedEdge:Excitatory_Cells:200:299->Inhibitory_Cells:0:99, keys_and_masks:[KeyAndMask:0x280L:0xffffff80] 
subedge:PartitionedEdge:Excitatory_Cells:200:299->Inhibitory_Cells:100:199, keys_and_masks:[KeyAndMask:0x280L:0xffffff80] 
subedge:PartitionedEdge:Excitatory_Cells:200:299->Inhibitory_Cells:200:299, keys_and_masks:[KeyAndMask:0x280L:0xffffff80] 


Subvert: Excitatory_Cells:300:399 
subedge:PartitionedEdge:Excitatory_Cells:300:399->Excitatory_Cells:0:99, keys_and_masks:[KeyAndMask:0x300L:0xffffff80] 
subedge:PartitionedEdge:Excitatory_Cells:300:399->Excitatory_Cells:100:199, keys_and_masks:[KeyAndMask:0x300L:0xffffff80] 
subedge:PartitionedEdge:Excitatory_Cells:300:399->Excitatory_Cells:200:299, keys_and_masks:[KeyAndMask:0x300L:0xffffff80] 
subedge:PartitionedEdge:Excitatory_Cells:300:399->Excitatory_Cells:300:399, keys_and_masks:[KeyAndMask:0x300L:0xffffff80] 
subedge:PartitionedEdge:Excitatory_Cells:300:399->Excitatory_Cells:400:499, keys_and_masks:[KeyAndMask:0x300L:0xffffff80] 
subedge:PartitionedEdge:Excitatory_Cells:300:399->Excitatory_Cells:500:599, keys_and_masks:[KeyAndMask:0x300L:0xffffff80] 
subedge:PartitionedEdge:Excitatory_Cells:300:399->Excitatory_Cells:600:699, keys_and_masks:[KeyAndMask:0x300L:0xffffff80] 
subedge:PartitionedEdge:Excitatory_Cells:300:399->Excitatory_Cells:700:799, keys_and_masks:[KeyAndMask:0x300L:0xffffff80] 
subedge:PartitionedEdge:Excitatory_Cells:300:399->Excitatory_Cells:800:899, keys_and_masks:[KeyAndMask:0x300L:0xffffff80] 
subedge:PartitionedEdge:Excitatory_Cells:300:399->Excitatory_Cells:900:999, keys_and_masks:[KeyAndMask:0x300L:0xffffff80] 
subedge:PartitionedEdge:Excitatory_Cells:300:399->Excitatory_Cells:1000:1099, keys_and_masks:[KeyAndMask:0x300L:0xffffff80] 
subedge:PartitionedEdge:Excitatory_Cells:300:399->Excitatory_Cells:1100:1199, keys_and_masks:[KeyAndMask:0x300L:0xffffff80] 
subedge:PartitionedEdge:Excitatory_Cells:300:399->Inhibitory_Cells:0:99, keys_and_masks:[KeyAndMask:0x300L:0xffffff80] 
subedge:PartitionedEdge:Excitatory_Cells:300:399->Inhibitory_Cells:100:199, keys_and_masks:[KeyAndMask:0x300L:0xffffff80] 
subedge:PartitionedEdge:Excitatory_Cells:300:399->Inhibitory_Cells:200:299, keys_and_masks:[KeyAndMask:0x300L:0xffffff80] 


Subvert: Excitatory_Cells:400:499 
subedge:PartitionedEdge:Excitatory_Cells:400:499->Excitatory_Cells:0:99, keys_and_masks:[KeyAndMask:0x380L:0xffffff80] 
subedge:PartitionedEdge:Excitatory_Cells:400:499->Excitatory_Cells:100:199, keys_and_masks:[KeyAndMask:0x380L:0xffffff80] 
subedge:PartitionedEdge:Excitatory_Cells:400:499->Excitatory_Cells:200:299, keys_and_masks:[KeyAndMask:0x380L:0xffffff80] 
subedge:PartitionedEdge:Excitatory_Cells:400:499->Excitatory_Cells:300:399, keys_and_masks:[KeyAndMask:0x380L:0xffffff80] 
subedge:PartitionedEdge:Excitatory_Cells:400:499->Excitatory_Cells:400:499, keys_and_masks:[KeyAndMask:0x380L:0xffffff80] 
subedge:PartitionedEdge:Excitatory_Cells:400:499->Excitatory_Cells:500:599, keys_and_masks:[KeyAndMask:0x380L:0xffffff80] 
subedge:PartitionedEdge:Excitatory_Cells:400:499->Excitatory_Cells:600:699, keys_and_masks:[KeyAndMask:0x380L:0xffffff80] 
subedge:PartitionedEdge:Excitatory_Cells:400:499->Excitatory_Cells:700:799, keys_and_masks:[KeyAndMask:0x380L:0xffffff80] 
subedge:PartitionedEdge:Excitatory_Cells:400:499->Excitatory_Cells:800:899, keys_and_masks:[KeyAndMask:0x380L:0xffffff80] 
subedge:PartitionedEdge:Excitatory_Cells:400:499->Excitatory_Cells:900:999, keys_and_masks:[KeyAndMask:0x380L:0xffffff80] 
subedge:PartitionedEdge:Excitatory_Cells:400:499->Excitatory_Cells:1000:1099, keys_and_masks:[KeyAndMask:0x380L:0xffffff80] 
subedge:PartitionedEdge:Excitatory_Cells:400:499->Excitatory_Cells:1100:1199, keys_and_masks:[KeyAndMask:0x380L:0xffffff80] 
subedge:PartitionedEdge:Excitatory_Cells:400:499->Inhibitory_Cells:0:99, keys_and_masks:[KeyAndMask:0x380L:0xffffff80] 
subedge:PartitionedEdge:Excitatory_Cells:400:499->Inhibitory_Cells:100:199, keys_and_masks:[KeyAndMask:0x380L:0xffffff80] 
subedge:PartitionedEdge:Excitatory_Cells:400:499->Inhibitory_Cells:200:299, keys_and_masks:[KeyAndMask:0x380L:0xffffff80] 


Subvert: Excitatory_Cells:500:599 
subedge:PartitionedEdge:Excitatory_Cells:500:599->Excitatory_Cells:0:99, keys_and_masks:[KeyAndMask:0x400L:0xffffff80] 
subedge:PartitionedEdge:Excitatory_Cells:500:599->Excitatory_Cells:100:199, keys_and_masks:[KeyAndMask:0x400L:0xffffff80] 
subedge:PartitionedEdge:Excitatory_Cells:500:599->Excitatory_Cells:200:299, keys_and_masks:[KeyAndMask:0x400L:0xffffff80] 
subedge:PartitionedEdge:Excitatory_Cells:500:599->Excitatory_Cells:300:399, keys_and_masks:[KeyAndMask:0x400L:0xffffff80] 
subedge:PartitionedEdge:Excitatory_Cells:500:599->Excitatory_Cells:400:499, keys_and_masks:[KeyAndMask:0x400L:0xffffff80] 
subedge:PartitionedEdge:Excitatory_Cells:500:599->Excitatory_Cells:500:599, keys_and_masks:[KeyAndMask:0x400L:0xffffff80] 
subedge:PartitionedEdge:Excitatory_Cells:500:599->Excitatory_Cells:600:699, keys_and_masks:[KeyAndMask:0x400L:0xffffff80] 
subedge:PartitionedEdge:Excitatory_Cells:500:599->Excitatory_Cells:700:799, keys_and_masks:[KeyAndMask:0x400L:0xffffff80] 
subedge:PartitionedEdge:Excitatory_Cells:500:599->Excitatory_Cells:800:899, keys_and_masks:[KeyAndMask:0x400L:0xffffff80] 
subedge:PartitionedEdge:Excitatory_Cells:500:599->Excitatory_Cells:900:999, keys_and_masks:[KeyAndMask:0x400L:0xffffff80] 
subedge:PartitionedEdge:Excitatory_Cells:500:599->Excitatory_Cells:1000:1099, keys_and_masks:[KeyAndMask:0x400L:0xffffff80] 
subedge:PartitionedEdge:Excitatory_Cells:500:599->Excitatory_Cells:1100:1199, keys_and_masks:[KeyAndMask:0x400L:0xffffff80] 
subedge:PartitionedEdge:Excitatory_Cells:500:599->Inhibitory_Cells:0:99, keys_and_masks:[KeyAndMask:0x400L:0xffffff80] 
subedge:PartitionedEdge:Excitatory_Cells:500:599->Inhibitory_Cells:100:199, keys_and_masks:[KeyAndMask:0x400L:0xffffff80] 
subedge:PartitionedEdge:Excitatory_Cells:500:599->Inhibitory_Cells:200:299, keys_and_masks:[KeyAndMask:0x400L:0xffffff80] 


Subvert: Excitatory_Cells:600:699 
subedge:PartitionedEdge:Excitatory_Cells:600:699->Excitatory_Cells:0:99, keys_and_masks:[KeyAndMask:0x480L:0xffffff80] 
subedge:PartitionedEdge:Excitatory_Cells:600:699->Excitatory_Cells:100:199, keys_and_masks:[KeyAndMask:0x480L:0xffffff80] 
subedge:PartitionedEdge:Excitatory_Cells:600:699->Excitatory_Cells:200:299, keys_and_masks:[KeyAndMask:0x480L:0xffffff80] 
subedge:PartitionedEdge:Excitatory_Cells:600:699->Excitatory_Cells:300:399, keys_and_masks:[KeyAndMask:0x480L:0xffffff80] 
subedge:PartitionedEdge:Excitatory_Cells:600:699->Excitatory_Cells:400:499, keys_and_masks:[KeyAndMask:0x480L:0xffffff80] 
subedge:PartitionedEdge:Excitatory_Cells:600:699->Excitatory_Cells:500:599, keys_and_masks:[KeyAndMask:0x480L:0xffffff80] 
subedge:PartitionedEdge:Excitatory_Cells:600:699->Excitatory_Cells:600:699, keys_and_masks:[KeyAndMask:0x480L:0xffffff80] 
subedge:PartitionedEdge:Excitatory_Cells:600:699->Excitatory_Cells:700:799, keys_and_masks:[KeyAndMask:0x480L:0xffffff80] 
subedge:PartitionedEdge:Excitatory_Cells:600:699->Excitatory_Cells:800:899, keys_and_masks:[KeyAndMask:0x480L:0xffffff80] 
subedge:PartitionedEdge:Excitatory_Cells:600:699->Excitatory_Cells:900:999, keys_and_masks:[KeyAndMask:0x480L:0xffffff80] 
subedge:PartitionedEdge:Excitatory_Cells:600:699->Excitatory_Cells:1000:1099, keys_and_masks:[KeyAndMask:0x480L:0xffffff80] 
subedge:PartitionedEdge:Excitatory_Cells:600:699->Excitatory_Cells:1100:1199, keys_and_masks:[KeyAndMask:0x480L:0xffffff80] 
subedge:PartitionedEdge:Excitatory_Cells:600:699->Inhibitory_Cells:0:99, keys_and_masks:[KeyAndMask:0x480L:0xffffff80] 
subedge:PartitionedEdge:Excitatory_Cells:600:699->Inhibitory_Cells:100:199, keys_and_masks:[KeyAndMask:0x480L:0xffffff80] 
subedge:PartitionedEdge:Excitatory_Cells:600:699->Inhibitory_Cells:200:299, keys_and_masks:[KeyAndMask:0x480L:0xffffff80] 


Subvert: Excitatory_Cells:700:799 
subedge:PartitionedEdge:Excitatory_Cells:700:799->Excitatory_Cells:0:99, keys_and_masks:[KeyAndMask:0x500L:0xffffff80] 
subedge:PartitionedEdge:Excitatory_Cells:700:799->Excitatory_Cells:100:199, keys_and_masks:[KeyAndMask:0x500L:0xffffff80] 
subedge:PartitionedEdge:Excitatory_Cells:700:799->Excitatory_Cells:200:299, keys_and_masks:[KeyAndMask:0x500L:0xffffff80] 
subedge:PartitionedEdge:Excitatory_Cells:700:799->Excitatory_Cells:300:399, keys_and_masks:[KeyAndMask:0x500L:0xffffff80] 
subedge:PartitionedEdge:Excitatory_Cells:700:799->Excitatory_Cells:400:499, keys_and_masks:[KeyAndMask:0x500L:0xffffff80] 
subedge:PartitionedEdge:Excitatory_Cells:700:799->Excitatory_Cells:500:599, keys_and_masks:[KeyAndMask:0x500L:0xffffff80] 
subedge:PartitionedEdge:Excitatory_Cells:700:799->Excitatory_Cells:600:699, keys_and_masks:[KeyAndMask:0x500L:0xffffff80] 
subedge:PartitionedEdge:Excitatory_Cells:700:799->Excitatory_Cells:700:799, keys_and_masks:[KeyAndMask:0x500L:0xffffff80] 
subedge:PartitionedEdge:Excitatory_Cells:700:799->Excitatory_Cells:800:899, keys_and_masks:[KeyAndMask:0x500L:0xffffff80] 
subedge:PartitionedEdge:Excitatory_Cells:700:799->Excitatory_Cells:900:999, keys_and_masks:[KeyAndMask:0x500L:0xffffff80] 
subedge:PartitionedEdge:Excitatory_Cells:700:799->Excitatory_Cells:1000:1099, keys_and_masks:[KeyAndMask:0x500L:0xffffff80] 
subedge:PartitionedEdge:Excitatory_Cells:700:799->Excitatory_Cells:1100:1199, keys_and_masks:[KeyAndMask:0x500L:0xffffff80] 
subedge:PartitionedEdge:Excitatory_Cells:700:799->Inhibitory_Cells:0:99, keys_and_masks:[KeyAndMask:0x500L:0xffffff80] 
subedge:PartitionedEdge:Excitatory_Cells:700:799->Inhibitory_Cells:100:199, keys_and_masks:[KeyAndMask:0x500L:0xffffff80] 
subedge:PartitionedEdge:Excitatory_Cells:700:799->Inhibitory_Cells:200:299, keys_and_masks:[KeyAndMask:0x500L:0xffffff80] 


Subvert: Excitatory_Cells:800:899 
subedge:PartitionedEdge:Excitatory_Cells:800:899->Excitatory_Cells:0:99, keys_and_masks:[KeyAndMask:0x580L:0xffffff80] 
subedge:PartitionedEdge:Excitatory_Cells:800:899->Excitatory_Cells:100:199, keys_and_masks:[KeyAndMask:0x580L:0xffffff80] 
subedge:PartitionedEdge:Excitatory_Cells:800:899->Excitatory_Cells:200:299, keys_and_masks:[KeyAndMask:0x580L:0xffffff80] 
subedge:PartitionedEdge:Excitatory_Cells:800:899->Excitatory_Cells:300:399, keys_and_masks:[KeyAndMask:0x580L:0xffffff80] 
subedge:PartitionedEdge:Excitatory_Cells:800:899->Excitatory_Cells:400:499, keys_and_masks:[KeyAndMask:0x580L:0xffffff80] 
subedge:PartitionedEdge:Excitatory_Cells:800:899->Excitatory_Cells:500:599, keys_and_masks:[KeyAndMask:0x580L:0xffffff80] 
subedge:PartitionedEdge:Excitatory_Cells:800:899->Excitatory_Cells:600:699, keys_and_masks:[KeyAndMask:0x580L:0xffffff80] 
subedge:PartitionedEdge:Excitatory_Cells:800:899->Excitatory_Cells:700:799, keys_and_masks:[KeyAndMask:0x580L:0xffffff80] 
subedge:PartitionedEdge:Excitatory_Cells:800:899->Excitatory_Cells:800:899, keys_and_masks:[KeyAndMask:0x580L:0xffffff80] 
subedge:PartitionedEdge:Excitatory_Cells:800:899->Excitatory_Cells:900:999, keys_and_masks:[KeyAndMask:0x580L:0xffffff80] 
subedge:PartitionedEdge:Excitatory_Cells:800:899->Excitatory_Cells:1000:1099, keys_and_masks:[KeyAndMask:0x580L:0xffffff80] 
subedge:PartitionedEdge:Excitatory_Cells:800:899->Excitatory_Cells:1100:1199, keys_and_masks:[KeyAndMask:0x580L:0xffffff80] 
subedge:PartitionedEdge:Excitatory_Cells:800:899->Inhibitory_Cells:0:99, keys_and_masks:[KeyAndMask:0x580L:0xffffff80] 
subedge:PartitionedEdge:Excitatory_Cells:800:899->Inhibitory_Cells:100:199, keys_and_masks:[KeyAndMask:0x580L:0xffffff80] 
subedge:PartitionedEdge:Excitatory_Cells:800:899->Inhibitory_Cells:200:299, keys_and_masks:[KeyAndMask:0x580L:0xffffff80] 


Subvert: Excitatory_Cells:900:999 
subedge:PartitionedEdge:Excitatory_Cells:900:999->Excitatory_Cells:0:99, keys_and_masks:[KeyAndMask:0x600L:0xffffff80] 
subedge:PartitionedEdge:Excitatory_Cells:900:999->Excitatory_Cells:100:199, keys_and_masks:[KeyAndMask:0x600L:0xffffff80] 
subedge:PartitionedEdge:Excitatory_Cells:900:999->Excitatory_Cells:200:299, keys_and_masks:[KeyAndMask:0x600L:0xffffff80] 
subedge:PartitionedEdge:Excitatory_Cells:900:999->Excitatory_Cells:300:399, keys_and_masks:[KeyAndMask:0x600L:0xffffff80] 
subedge:PartitionedEdge:Excitatory_Cells:900:999->Excitatory_Cells:400:499, keys_and_masks:[KeyAndMask:0x600L:0xffffff80] 
subedge:PartitionedEdge:Excitatory_Cells:900:999->Excitatory_Cells:500:599, keys_and_masks:[KeyAndMask:0x600L:0xffffff80] 
subedge:PartitionedEdge:Excitatory_Cells:900:999->Excitatory_Cells:600:699, keys_and_masks:[KeyAndMask:0x600L:0xffffff80] 
subedge:PartitionedEdge:Excitatory_Cells:900:999->Excitatory_Cells:700:799, keys_and_masks:[KeyAndMask:0x600L:0xffffff80] 
subedge:PartitionedEdge:Excitatory_Cells:900:999->Excitatory_Cells:800:899, keys_and_masks:[KeyAndMask:0x600L:0xffffff80] 
subedge:PartitionedEdge:Excitatory_Cells:900:999->Excitatory_Cells:900:999, keys_and_masks:[KeyAndMask:0x600L:0xffffff80] 
subedge:PartitionedEdge:Excitatory_Cells:900:999->Excitatory_Cells:1000:1099, keys_and_masks:[KeyAndMask:0x600L:0xffffff80] 
subedge:PartitionedEdge:Excitatory_Cells:900:999->Excitatory_Cells:1100:1199, keys_and_masks:[KeyAndMask:0x600L:0xffffff80] 
subedge:PartitionedEdge:Excitatory_Cells:900:999->Inhibitory_Cells:0:99, keys_and_masks:[KeyAndMask:0x600L:0xffffff80] 
subedge:PartitionedEdge:Excitatory_Cells:900:999->Inhibitory_Cells:100:199, keys_and_masks:[KeyAndMask:0x600L:0xffffff80] 
subedge:PartitionedEdge:Excitatory_Cells:900:999->Inhibitory_Cells:200:299, keys_and_masks:[KeyAndMask:0x600L:0xffffff80] 


Subvert: Excitatory_Cells:1000:1099 
subedge:PartitionedEdge:Excitatory_Cells:1000:1099->Excitatory_Cells:0:99, keys_and_masks:[KeyAndMask:0x680L:0xffffff80] 
subedge:PartitionedEdge:Excitatory_Cells:1000:1099->Excitatory_Cells:100:199, keys_and_masks:[KeyAndMask:0x680L:0xffffff80] 
subedge:PartitionedEdge:Excitatory_Cells:1000:1099->Excitatory_Cells:200:299, keys_and_masks:[KeyAndMask:0x680L:0xffffff80] 
subedge:PartitionedEdge:Excitatory_Cells:1000:1099->Excitatory_Cells:300:399, keys_and_masks:[KeyAndMask:0x680L:0xffffff80] 
subedge:PartitionedEdge:Excitatory_Cells:1000:1099->Excitatory_Cells:400:499, keys_and_masks:[KeyAndMask:0x680L:0xffffff80] 
subedge:PartitionedEdge:Excitatory_Cells:1000:1099->Excitatory_Cells:500:599, keys_and_masks:[KeyAndMask:0x680L:0xffffff80] 
subedge:PartitionedEdge:Excitatory_Cells:1000:1099->Excitatory_Cells:600:699, keys_and_masks:[KeyAndMask:0x680L:0xffffff80] 
subedge:PartitionedEdge:Excitatory_Cells:1000:1099->Excitatory_Cells:700:799, keys_and_masks:[KeyAndMask:0x680L:0xffffff80] 
subedge:PartitionedEdge:Excitatory_Cells:1000:1099->Excitatory_Cells:800:899, keys_and_masks:[KeyAndMask:0x680L:0xffffff80] 
subedge:PartitionedEdge:Excitatory_Cells:1000:1099->Excitatory_Cells:900:999, keys_and_masks:[KeyAndMask:0x680L:0xffffff80] 
subedge:PartitionedEdge:Excitatory_Cells:1000:1099->Excitatory_Cells:1000:1099, keys_and_masks:[KeyAndMask:0x680L:0xffffff80] 
subedge:PartitionedEdge:Excitatory_Cells:1000:1099->Excitatory_Cells:1100:1199, keys_and_masks:[KeyAndMask:0x680L:0xffffff80] 
subedge:PartitionedEdge:Excitatory_Cells:1000:1099->Inhibitory_Cells:0:99, keys_and_masks:[KeyAndMask:0x680L:0xffffff80] 
subedge:PartitionedEdge:Excitatory_Cells:1000:1099->Inhibitory_Cells:100:199, keys_and_masks:[KeyAndMask:0x680L:0xffffff80] 
subedge:PartitionedEdge:Excitatory_Cells:1000:1099->Inhibitory_Cells:200:299, keys_and_masks:[KeyAndMask:0x680L:0xffffff80] 


Subvert: Excitatory_Cells:1100:1199 
subedge:PartitionedEdge:Excitatory_Cells:1100:1199->Excitatory_Cells:0:99, keys_and_masks:[KeyAndMask:0x700L:0xffffff80] 
subedge:PartitionedEdge:Excitatory_Cells:1100:1199->Excitatory_Cells:100:199, keys_and_masks:[KeyAndMask:0x700L:0xffffff80] 
subedge:PartitionedEdge:Excitatory_Cells:1100:1199->Excitatory_Cells:200:299, keys_and_masks:[KeyAndMask:0x700L:0xffffff80] 
subedge:PartitionedEdge:Excitatory_Cells:1100:1199->Excitatory_Cells:300:399, keys_and_masks:[KeyAndMask:0x700L:0xffffff80] 
subedge:PartitionedEdge:Excitatory_Cells:1100:1199->Excitatory_Cells:400:499, keys_and_masks:[KeyAndMask:0x700L:0xffffff80] 
subedge:PartitionedEdge:Excitatory_Cells:1100:1199->Excitatory_Cells:500:599, keys_and_masks:[KeyAndMask:0x700L:0xffffff80] 
subedge:PartitionedEdge:Excitatory_Cells:1100:1199->Excitatory_Cells:600:699, keys_and_masks:[KeyAndMask:0x700L:0xffffff80] 
subedge:PartitionedEdge:Excitatory_Cells:1100:1199->Excitatory_Cells:700:799, keys_and_masks:[KeyAndMask:0x700L:0xffffff80] 
subedge:PartitionedEdge:Excitatory_Cells:1100:1199->Excitatory_Cells:800:899, keys_and_masks:[KeyAndMask:0x700L:0xffffff80] 
subedge:PartitionedEdge:Excitatory_Cells:1100:1199->Excitatory_Cells:900:999, keys_and_masks:[KeyAndMask:0x700L:0xffffff80] 
subedge:PartitionedEdge:Excitatory_Cells:1100:1199->Excitatory_Cells:1000:1099, keys_and_masks:[KeyAndMask:0x700L:0xffffff80] 
subedge:PartitionedEdge:Excitatory_Cells:1100:1199->Excitatory_Cells:1100:1199, keys_and_masks:[KeyAndMask:0x700L:0xffffff80] 
subedge:PartitionedEdge:Excitatory_Cells:1100:1199->Inhibitory_Cells:0:99, keys_and_masks:[KeyAndMask:0x700L:0xffffff80] 
subedge:PartitionedEdge:Excitatory_Cells:1100:1199->Inhibitory_Cells:100:199, keys_and_masks:[KeyAndMask:0x700L:0xffffff80] 
subedge:PartitionedEdge:Excitatory_Cells:1100:1199->Inhibitory_Cells:200:299, keys_and_masks:[KeyAndMask:0x700L:0xffffff80] 


Subvert: Inhibitory_Cells:0:99 
subedge:PartitionedEdge:Inhibitory_Cells:0:99->Excitatory_Cells:0:99, keys_and_masks:[KeyAndMask:0x0L:0xffffff80] 
subedge:PartitionedEdge:Inhibitory_Cells:0:99->Excitatory_Cells:100:199, keys_and_masks:[KeyAndMask:0x0L:0xffffff80] 
subedge:PartitionedEdge:Inhibitory_Cells:0:99->Excitatory_Cells:200:299, keys_and_masks:[KeyAndMask:0x0L:0xffffff80] 
subedge:PartitionedEdge:Inhibitory_Cells:0:99->Excitatory_Cells:300:399, keys_and_masks:[KeyAndMask:0x0L:0xffffff80] 
subedge:PartitionedEdge:Inhibitory_Cells:0:99->Excitatory_Cells:400:499, keys_and_masks:[KeyAndMask:0x0L:0xffffff80] 
subedge:PartitionedEdge:Inhibitory_Cells:0:99->Excitatory_Cells:500:599, keys_and_masks:[KeyAndMask:0x0L:0xffffff80] 
subedge:PartitionedEdge:Inhibitory_Cells:0:99->Excitatory_Cells:600:699, keys_and_masks:[KeyAndMask:0x0L:0xffffff80] 
subedge:PartitionedEdge:Inhibitory_Cells:0:99->Excitatory_Cells:700:799, keys_and_masks:[KeyAndMask:0x0L:0xffffff80] 
subedge:PartitionedEdge:Inhibitory_Cells:0:99->Excitatory_Cells:800:899, keys_and_masks:[KeyAndMask:0x0L:0xffffff80] 
subedge:PartitionedEdge:Inhibitory_Cells:0:99->Excitatory_Cells:900:999, keys_and_masks:[KeyAndMask:0x0L:0xffffff80] 
subedge:PartitionedEdge:Inhibitory_Cells:0:99->Excitatory_Cells:1000:1099, keys_and_masks:[KeyAndMask:0x0L:0xffffff80] 
subedge:PartitionedEdge:Inhibitory_Cells:0:99->Excitatory_Cells:1100:1199, keys_and_masks:[KeyAndMask:0x0L:0xffffff80] 
subedge:PartitionedEdge:Inhibitory_Cells:0:99->Inhibitory_Cells:0:99, keys_and_masks:[KeyAndMask:0x0L:0xffffff80] 
subedge:PartitionedEdge:Inhibitory_Cells:0:99->Inhibitory_Cells:100:199, keys_and_masks:[KeyAndMask:0x0L:0xffffff80] 
subedge:PartitionedEdge:Inhibitory_Cells:0:99->Inhibitory_Cells:200:299, keys_and_masks:[KeyAndMask:0x0L:0xffffff80] 


Subvert: Inhibitory_Cells:100:199 
subedge:PartitionedEdge:Inhibitory_Cells:100:199->Excitatory_Cells:0:99, keys_and_masks:[KeyAndMask:0x80L:0xffffff80] 
subedge:PartitionedEdge:Inhibitory_Cells:100:199->Excitatory_Cells:100:199, keys_and_masks:[KeyAndMask:0x80L:0xffffff80] 
subedge:PartitionedEdge:Inhibitory_Cells:100:199->Excitatory_Cells:200:299, keys_and_masks:[KeyAndMask:0x80L:0xffffff80] 
subedge:PartitionedEdge:Inhibitory_Cells:100:199->Excitatory_Cells:300:399, keys_and_masks:[KeyAndMask:0x80L:0xffffff80] 
subedge:PartitionedEdge:Inhibitory_Cells:100:199->Excitatory_Cells:400:499, keys_and_masks:[KeyAndMask:0x80L:0xffffff80] 
subedge:PartitionedEdge:Inhibitory_Cells:100:199->Excitatory_Cells:500:599, keys_and_masks:[KeyAndMask:0x80L:0xffffff80] 
subedge:PartitionedEdge:Inhibitory_Cells:100:199->Excitatory_Cells:600:699, keys_and_masks:[KeyAndMask:0x80L:0xffffff80] 
subedge:PartitionedEdge:Inhibitory_Cells:100:199->Excitatory_Cells:700:799, keys_and_masks:[KeyAndMask:0x80L:0xffffff80] 
subedge:PartitionedEdge:Inhibitory_Cells:100:199->Excitatory_Cells:800:899, keys_and_masks:[KeyAndMask:0x80L:0xffffff80] 
subedge:PartitionedEdge:Inhibitory_Cells:100:199->Excitatory_Cells:900:999, keys_and_masks:[KeyAndMask:0x80L:0xffffff80] 
subedge:PartitionedEdge:Inhibitory_Cells:100:199->Excitatory_Cells:1000:1099, keys_and_masks:[KeyAndMask:0x80L:0xffffff80] 
subedge:PartitionedEdge:Inhibitory_Cells:100:199->Excitatory_Cells:1100:1199, keys_and_masks:[KeyAndMask:0x80L:0xffffff80] 
subedge:PartitionedEdge:Inhibitory_Cells:100:199->Inhibitory_Cells:0:99, keys_and_masks:[KeyAndMask:0x80L:0xffffff80] 
subedge:PartitionedEdge:Inhibitory_Cells:100:199->Inhibitory_Cells:100:199, keys_and_masks:[KeyAndMask:0x80L:0xffffff80] 
subedge:PartitionedEdge:Inhibitory_Cells:100:199->Inhibitory_Cells:200:299, keys_and_masks:[KeyAndMask:0x80L:0xffffff80] 


Subvert: Inhibitory_Cells:200:299 
subedge:PartitionedEdge:Inhibitory_Cells:200:299->Excitatory_Cells:0:99, keys_and_masks:[KeyAndMask:0x100L:0xffffff80] 
subedge:PartitionedEdge:Inhibitory_Cells:200:299->Excitatory_Cells:100:199, keys_and_masks:[KeyAndMask:0x100L:0xffffff80] 
subedge:PartitionedEdge:Inhibitory_Cells:200:299->Excitatory_Cells:200:299, keys_and_masks:[KeyAndMask:0x100L:0xffffff80] 
subedge:PartitionedEdge:Inhibitory_Cells:200:299->Excitatory_Cells:300:399, keys_and_masks:[KeyAndMask:0x100L:0xffffff80] 
subedge:PartitionedEdge:Inhibitory_Cells:200:299->Excitatory_Cells:400:499, keys_and_masks:[KeyAndMask:0x100L:0xffffff80] 
subedge:PartitionedEdge:Inhibitory_Cells:200:299->Excitatory_Cells:500:599, keys_and_masks:[KeyAndMask:0x100L:0xffffff80] 
subedge:PartitionedEdge:Inhibitory_Cells:200:299->Excitatory_Cells:600:699, keys_and_masks:[KeyAndMask:0x100L:0xffffff80] 
subedge:PartitionedEdge:Inhibitory_Cells:200:299->Excitatory_Cells:700:799, keys_and_masks:[KeyAndMask:0x100L:0xffffff80] 
subedge:PartitionedEdge:Inhibitory_Cells:200:299->Excitatory_Cells:800:899, keys_and_masks:[KeyAndMask:0x100L:0xffffff80] 
subedge:PartitionedEdge:Inhibitory_Cells:200:299->Excitatory_Cells:900:999, keys_and_masks:[KeyAndMask:0x100L:0xffffff80] 
subedge:PartitionedEdge:Inhibitory_Cells:200:299->Excitatory_Cells:1000:1099, keys_and_masks:[KeyAndMask:0x100L:0xffffff80] 
subedge:PartitionedEdge:Inhibitory_Cells:200:299->Excitatory_Cells:1100:1199, keys_and_masks:[KeyAndMask:0x100L:0xffffff80] 
subedge:PartitionedEdge:Inhibitory_Cells:200:299->Inhibitory_Cells:0:99, keys_and_masks:[KeyAndMask:0x100L:0xffffff80] 
subedge:PartitionedEdge:Inhibitory_Cells:200:299->Inhibitory_Cells:100:199, keys_and_masks:[KeyAndMask:0x100L:0xffffff80] 
subedge:PartitionedEdge:Inhibitory_Cells:200:299->Inhibitory_Cells:200:299, keys_and_masks:[KeyAndMask:0x100L:0xffffff80] 


Subvert: expoisson:0:19 
subedge:PartitionedEdge:expoisson:0:19->Excitatory_Cells:0:99, keys_and_masks:[KeyAndMask:0x780L:0xffffffe0] 
subedge:PartitionedEdge:expoisson:0:19->Excitatory_Cells:100:199, keys_and_masks:[KeyAndMask:0x780L:0xffffffe0] 
subedge:PartitionedEdge:expoisson:0:19->Excitatory_Cells:200:299, keys_and_masks:[KeyAndMask:0x780L:0xffffffe0] 
subedge:PartitionedEdge:expoisson:0:19->Excitatory_Cells:300:399, keys_and_masks:[KeyAndMask:0x780L:0xffffffe0] 
subedge:PartitionedEdge:expoisson:0:19->Excitatory_Cells:400:499, keys_and_masks:[KeyAndMask:0x780L:0xffffffe0] 
subedge:PartitionedEdge:expoisson:0:19->Excitatory_Cells:500:599, keys_and_masks:[KeyAndMask:0x780L:0xffffffe0] 
subedge:PartitionedEdge:expoisson:0:19->Excitatory_Cells:600:699, keys_and_masks:[KeyAndMask:0x780L:0xffffffe0] 
subedge:PartitionedEdge:expoisson:0:19->Excitatory_Cells:700:799, keys_and_masks:[KeyAndMask:0x780L:0xffffffe0] 
subedge:PartitionedEdge:expoisson:0:19->Excitatory_Cells:800:899, keys_and_masks:[KeyAndMask:0x780L:0xffffffe0] 
subedge:PartitionedEdge:expoisson:0:19->Excitatory_Cells:900:999, keys_and_masks:[KeyAndMask:0x780L:0xffffffe0] 
subedge:PartitionedEdge:expoisson:0:19->Excitatory_Cells:1000:1099, keys_and_masks:[KeyAndMask:0x780L:0xffffffe0] 
subedge:PartitionedEdge:expoisson:0:19->Excitatory_Cells:1100:1199, keys_and_masks:[KeyAndMask:0x780L:0xffffffe0] 
subedge:PartitionedEdge:expoisson:0:19->Inhibitory_Cells:0:99, keys_and_masks:[KeyAndMask:0x780L:0xffffffe0] 
subedge:PartitionedEdge:expoisson:0:19->Inhibitory_Cells:100:199, keys_and_masks:[KeyAndMask:0x780L:0xffffffe0] 
subedge:PartitionedEdge:expoisson:0:19->Inhibitory_Cells:200:299, keys_and_masks:[KeyAndMask:0x780L:0xffffffe0] 


